main.c:91:6:Motor_Init	32	static
main.c:157:6:delay	24	static
main.c:164:6:HAL_UART_RxCpltCallback	16	static
main.c:175:6:TIM3_IRQHandler	32	static
main.c:238:6:Button_OpenClose_Init	8	static
main.c:302:6:Button_UpDown_Init	8	static
main.c:370:6:convert_time	32	static
main.c:380:5:check_time	32	static
main.c:395:6:OpenBlinds	8	static
main.c:404:6:CloseBlinds	8	static
main.c:419:5:main	56	static
main.c:806:6:SystemClock_Config	104	static
main.c:850:13:MX_USART1_UART_Init	8	static
main.c:885:13:MX_GPIO_Init	48	static
main.c:919:6:Error_Handler	8	static
